---------------------------------------
Resource Usage Report for top 

Mapping to part: xc6slx25csg324-2
Cell usage:
BSCAN_SPARTAN6  1 use
FD              421 uses
FDC             27 uses
FDCE            68 uses
FDE             192 uses
FDP             248 uses
FDR             74 uses
FDRE            318 uses
FDS             19 uses
FDSE            6 uses
GND             26 uses
LDC             1 use
MUXCY           4 uses
MUXCY_L         330 uses
MUXF5           2 uses
MUXF6           1 use
MUXF7           9 uses
MUXF8           2 uses
RAMB16BWER      28 uses
RAMB8BWER       2 uses
VCC             26 uses
XORCY           262 uses
LUT1            171 uses
LUT2            88 uses
LUT3            125 uses
LUT4            179 uses
LUT5            151 uses
LUT6            295 uses
LUT6_2            7 uses

I/O ports: 68
I/O primitives: 67
IBUF           3 uses
IBUFG          1 use
IOBUF          16 uses
OBUF           47 uses

BUFG           2 uses

SRL primitives:
SRLC16E        21 uses
SRLC32E        68 uses
SRL16          110 uses
SRL16E         1 use

I/O Register bits:                  0
Register bits not including I/Os:   1373 (3%)
Latch bits not including I/Os:      1 (0%)

RAM/ROM usage summary
Occupied Block RAM sites (RAMB36) : 30 of 52 (57%)


Global Clock Buffers: 2 of 16 (12%)


Mapping Summary:
Total  LUTs: 1155 (6%)

Distribution of All Consumed LUTs = SRL + LUT1 + LUT2 + LUT3 + LUT4 + LUT5 + LUT6 + LUT6_2- HLUTNM/2 
Distribution of All Consumed Luts 1155 = 200 + 171 + 88 + 125 + 179 + 151 + 295 + 7- 122/2 


 Number of unique control sets:              115

